(map
 (terrain
  (G G G G G G G G G G G G G G G G G G G G G G G G G G G G G G G G)
  (G G G G G G G G G G G G G G G G G G G G G G G G G G G G G G G G)
  (G G G G G G G G G G H3 G G G G G G G G G G G G G G G G G G G G G)
  (G G G G G G G G G G H2 G G G G G G G G G G G G G G G G G G G G G)
  (G G G G G G G G G G G G G G G G G G G G G G G G G G G G G G G G)
  (G G G G G G G G G G G G G G G G G G G G G G G G G G G G G G G G)
  (G G G G G G G M M G G G G G G G G G G G G G G G G G G G G G G G)
  (G G G G G G G M M G G G G G G G G G G G G G G G G G G G G G G G)
  (G G G G G G G M M G G G G G G G G G G G G G G G G G G G G G G G)
  (G G G G G G G M M G G G G G G G G G G G G G G G G G G G G G G G)
  (G G G G G G G M M G G G G G G G G G G G G G G G G G G G G G G G)
  (G G G G G G G M M G G G G G G G G G G G G G G G G G G G G G G G)
  (G G G G G G G M M G G G G G G G G G G G G G G G G G G G G G G G)
  (G G G G G G G M M G G G G G G G G G G G G G G G G G G G G G G G)
  (G G G G G G G G G G G G G G G G G G G G G G G G G G G G G G G G)
  (G G G G G G G G G G G G G G G G G G G G G G G G G G G G G G G G)
  (G G G G G G G G G G G G G G G G G G G G G G G G G G G G G G G G)
  (G G G G G G G G G G G G G G G G G G G G G G G G G G G G G G G G)
  (G G G G G G G G G G G G G G G G G G G G G G M M G G G G G G G G)
  (G G G G G G G G G G G G G G G G G G G G G G M M G G G G G G G G)
  (G G G G G G G G G G G G G G G G G G G G G G M M G G G G G G G G)
  (G G G G G G G G G G G G G G G G G G G G G G M M G G G G G G G G)
  (G G G G G G G G G G G G G G G G G G G G G G M M G G G G G G G G)
  (G G G G G G G G G G G G G G G G G G G G G G M M G G G G G G G G)
  (G G G G G G G G G G G G G G G G G G G G G G M M G G G G G G G G)
  (G G G G G G G G G G G G G G G G G G G G G G M M G G G G G G G G)
  (H4 H4 H4 H4 H4 H4 H4 H4 H4 H4 H4 H4 H4 H4 H4 H4 H4 H4 H4 H4 H4 H4 H5 G G G G G G G G G)
  (G G G G G G G G G G G G G G G G G G G G G G G G G G G G G G G G)
  (G G G G G G G G G G G G G G G G G G G G G G G G G G G G G G G G)
  (G G G G G G G G G G G G G G G G G G G G G G G G G G G G G G G G)
  (G G G G G G G G G G G G G G G G G G G G G G G G G G G G G G G G)
  (G G G G G G G G G G G G G G G G G G G G G G G G G G G G G G G G)
  (G G G G G G G G G G G G G G G G G G G G G G G G G G G G G G G G)
  (G G G G G G G G G G G G G G G G G G G G G G G G G G G G G G G G)
  (G G G G G G G G G G G G G G G G G G G G G G G G G G G G G G G G)
  (G G G G G G G G G G G G G G G G G G G G G G G G G G G G G G G G)
  (G G G G G G G G G G G G G G G G G G G G G G G G G G G G G G G G)
  (G G G G G G G G G G G G G G G G G G G G G G G G G G G G G G G G)
  (G G G G G G G G G G G G G G G G G G G G G G G G G G G G G G G G)
  (G G G G G G G M M G G G G G G G G G G G G G G G G G G G G G G G)
  (G G G G G G G M M G G G G G G G G G G G G G G G G G G G G G G G)
  (G G G G G G G M M G G G G G G G G G G G G G G G G G G G G G G G)
  (G G G G G G G M M G G G G G G G G G G G G G G G G G G G G G G G)
  (G G G G G G G M M G G G G G G G G G G G G G G G G G G G G G G G)
  (G G G G G G G M M G G G G G G G G G G G G G G G G G G G G G G G)
  (G G G G G G G M M G G G G G G G G G G G G G G G G G G G G G G G)
  (G G G G G G G M M G G G G G G G G G G G G G G G G G G G G G G G)
  (G G G G G G G G G G G G G G G G G G G G G G G G G G G G G G G G)
  (G G G G G G G G G G G G G G G G G G G G G G G G G G G G G G G G)
  (G G G G G G G G G G G G G G G G G G G G G G G G G G G G G G G G)
  (G G G G G G G G G G G G G G G G G G G G G G G G G G G G G G G G)
  (G G G G G G G G G G G G G G G G G G G G G G G G G G G G G G G G)
  (G G G G G G G G G G G G G G G G G G G G G G G G G G G G G G G G)
  (G G G G G G G G G G G G G G G G G G G G G G G G G G G G G G G G)
  (G G G G G G G G G G G G G G G G G G G G G G G G G G G G G G G G)
  (G G G G G G G G G G G G G G G G G G G G G G G G G G G G G G G G)
  (G G G G G G G G G G G G G G G G G G G G G G G G G G G G G G G G)
  (G G G G G G G G G G G G G G G G G G G G G G G G G G G G G G G G)
  (H4 H4 H4 H4 H4 H4 H4 H4 H4 H4 H4 H4 H4 H4 H4 H4 H4 H4 H4 H4 H4 H4 H5 G G G G G G G G G)
  (G G G G G G G G G G G G G G G G G G G G G G G G G G G G G G G G)
  (G G G G G G G G G G G G G G G G G G G G G G G G G G G G G G G G)
  (G G G G G G G G G G G G G G G G G G G G G G G G G G G G G G G G)
  (G G G G G G G G G G G G G G G G G G G G G G G G G G G G G G G G)
  (G G G G G G G G G G G G G G G G G G G G G G G G G G G G G G G G)
  (G G G G G G G G G G G G G G G G G G G G G G G G G G G G G G G G))
 (buildings
  (factory 0 8.0 phasers)
  (factory 4 8.0 missiles)
  (factory 0 12.0 nuclear)
  (factory 4 12.0 chassis)
  (factory 0 16 nuclear)
  (factory 4 16 chassis)
  (factory 0 20 nuclear)
  (factory 28 55 phasers)
  (factory 24 55 missiles)
  (factory 28 51 nuclear)
  (factory 24 51 chassis)
  (factory 14 49 chassis)
  (factory 14 52 nuclear)
  (factory 14 46 nuclear)
  (factory 17 49 phasers)
  (factory 11 49 phasers)
  (factory 17 52 missiles)
  (factory 17 46 chassis)
  (factory 11 46 chassis)
  (factory 11 52 missiles)
  (warbase 1.5 2 1)
  (warbase 27.5 29 2)
  (warbase 1.5 29 2)
  (warbase 1.5 61 2)))
