(map
 (terrain
  (G G G G G G G G)
  (G G G G G G G G)
  (G G G G G G G G)
  (G G G G G G G G)
  (G G G G G G G G)
  (G G G G G G G G)
  (G G G G G G G G)
  (G G G G G G G G)
  (G G G G G G G G)
  (G G G G G G G G)
  (G G G G G G G G)
  (G G G G G G G G)
  (G G G G G G G G)
  (G G G G G G G G)
  (G G G G G G G G)
  (G G G G G G G G)
  (G G G G G G G G)
  (G G G G G G G G)
  (G G G G G G G G)
  (G G G G G G G G)
  (G G G G G G G G)
  (G G G G G G G G)
  (G G G G G G G G)
  (G G G G G G G G)
  (G G G G G G G G)
  (G G G G G G G G)
  (G G G G G G G G)
  (G G G G G G G G)
  (G G G G G G G G)
  (G G G G G G G G)
  (G G G G G G G G)
  (G G G G G G G G)
  (G G G G G G G G)
  (G G G G G G G G)
  (G G G G G G G G)
  (G G G G G G G G)
  (G G G G G G G G)
  (G G G G G G G G)
  (G G G G G G G G)
  (G G G G G G G G)
  (G G G G G G G G)
  (G G G G G G G G)
  (G G G G G G G G)
  (G G G G G G G G)
  (G G G G G G G G)
  (G G G G G G G G)
  (G G G G G G G G)
  (G G G G G G G G)
  (G G G G G G G G)
  (G G G G G G G G)
  (G G G G G G G G)
  (G G G G G G G G)
  (G G G G G G G G)
  (G G G G G G G G)
  (G G G G G G G G)
  (G G G G G G G G)
  (G G G G G G G G)
  (G G G G G G G G)
  (G G G G G G G G)
  (G G G G G G G G)
  (G G G G G G G G)
  (G G G G G G G G)
  (G G G G G G G G)
  (G G G G G G G G))
 (buildings
   (fence 0.0 0.0)
   (fence 1.0 0.0)
   (fence 2.0 0.0)
   (fence 3.0 0.0)
   (fence 4.0 0.0)
   (fence 5.0 0.0)
   (fence 6.0 0.0)
   (fence 7.0 0.0)
   (wall1 6.5 2.0)
   (factory 1.5 3.5 missiles)
   (factory 0 7.0 chassis)
   (warbase 2 12 1)
   (factory 3.5 23.0 electronics)
   (factory 0 51.0 cannons)
   (factory 0 56.0 phasers)
   (factory 0 61.0 nuclear)
   (warbase 1.5 32 2)
   (warbase 1.5 42 2)
   (fence 0.0 63.0)
   (fence 1.0 63.0)
   (fence 2.0 63.0)
   (fence 3.0 63.0)
   (fence 4.0 63.0)
   (fence 5.0 63.0)
   (fence 6.0 63.0)
   (fence 7.0 63.0)))
