(map
 (terrain
  (G G G G G G G G G G G G G G G G G G G G G G G G G G G G G G G G)
  (G G G G G G G G G G H3 G G G G G G G G G G G G G G G G G G G G G)
  (G G G G G G G G G G H2 G G G G G G G G G G G G G G G G G G G G G)
  (G G G G G G G G G G G G G G G G G G G G G G G G G G G G G G G G)
  (G G G G G G G G G G G G G G G G G G G G G G G G G G G G G G G G)
  (G G G G G G G M M G G G G G G G G G G G G G G G G G G G G G G G)
  (G G G G G G G M M G G G G G G G G G G G G G G G G G G G G G G G)
  (G G G G G G G M M G G G G G G G G G G G G G G G G G G G G G G G)
  (G G G G G G G M M G G G G G G G G G G G G G G G G G G G G G G G)
  (G G G G G G G M M G G G G G G G G G G G G G G G G G G G G G G G)
  (G G G G G G G M M G G G G G G G G G G G G G G G G G G G G G G G)
  (G G G G G G G M M G G G G G G G G G G G G G G G G G G G G G G G)
  (G G G G G G G M M G G G G G G G G G G G G G G G G G G G G G G G)
  (G G G G G G G G G G G G G G G G G G G G G G G G G G G G G G G G)
  (G G G G G G G G G G G G G G G G G G G G G G G G G G G G G G G G)
  (G G G G G G G G G G G G G G G G G G G G G G G G G G G G G G G G)
  (G G G G G G G G G G G G G G G G G G G G G G G G G G G G G G G G)
  (G G G G G G G G G G G G G G G G G G G G G G M M G G G G G G G G)
  (G G G G G G G G G G G G G G G G G G G G G G M M G G G G G G G G)
  (G G G G G G G G G G G G G G G G G G G G G G M M G G G G G G G G)
  (G G G G G G G G G G G G G G G G G G G G G G M M G G G G G G G G)
  (G G G G G G G G G G G G G G G G G G G G G G M M G G G G G G G G)
  (G G G G G G G G G G G G G G G G G G G G G G M M G G G G G G G G)
  (G G G G G G G G G G G G G G G G G G G G G G M M G G G G G G G G)
  (G G G G G G G G G G G G G G G G G G G G G G M M G G G G G G G G)
  (H4 H4 H4 H4 H4 H4 H4 H4 H4 H4 H4 H4 H4 H4 H4 H4 H4 H4 H4 H4 H4 H4 H5 G G G G G G G G G)
  (G G G G G G G G G G G G G G G G G G G G G G G G G G G G G G G G)
  (G G G G G G G G G G G G G G G G G G G G G G G G G G G G G G G G)
  (G G G G G G G G G G G G G G G G G G G G G G G G G G G G G G G G)
  (G G G G G G G G G G G G G G G G G G G G G G G G G G G G G G G G)
  (G G G G G G G G G G G G G G G G G G G G G G G G G G G G G G G G)
  (G G G G G G G G G G G G G G G G G G G G G G G G G G G G G G G G))
 (buildings
  (factory 0 8.0 phasers)
  (factory 4 8.0 missiles)
  (factory 0 12.0 nuclear)
  (factory 4 12.0 chassis)
  (factory 28 23 phasers)
  (factory 24 23 missiles)
  (factory 28 19 nuclear)
  (factory 24 19 chassis)
  (factory 14 17 chassis)
  (factory 14 20 nuclear)
  (factory 14 14 nuclear)
  (factory 17 17 phasers)
  (factory 11 17 phasers)
  (warbase 1.5 2 1)
  (warbase 27.5 29 2)
  (warbase 1.5 29 2)))
